Archive member included to satisfy reference by file (symbol)

c:/program files/microchip/xc8/v2.36/avr/bin/../lib/gcc/avr/5.4.0/avr5/memx-const\libgcc.a(_divmodsi4.o)
                              HAl/LCD/LCD_prog.o (__divmodsi4)
c:/program files/microchip/xc8/v2.36/avr/bin/../lib/gcc/avr/5.4.0/avr5/memx-const\libgcc.a(_negsi2.o)
                              c:/program files/microchip/xc8/v2.36/avr/bin/../lib/gcc/avr/5.4.0/avr5/memx-const\libgcc.a(_divmodsi4.o) (__negsi2)
c:/program files/microchip/xc8/v2.36/avr/bin/../lib/gcc/avr/5.4.0/avr5/memx-const\libgcc.a(_tablejump2.o)
                              HAl/LCD/LCD_prog.o (__tablejump2__)
c:/program files/microchip/xc8/v2.36/avr/bin/../lib/gcc/avr/5.4.0/avr5/memx-const\libgcc.a(_copy_data.o)
                              HAl/LCD/LCD_prog.o (__do_copy_data)
c:/program files/microchip/xc8/v2.36/avr/bin/../lib/gcc/avr/5.4.0/avr5/memx-const\libgcc.a(_umulhisi3.o)
                              HAl/ULTRASONIC/UltraSonic_prog.o (__umulhisi3)
c:/program files/microchip/xc8/v2.36/avr/bin/../lib/gcc/avr/5.4.0/avr5/memx-const\libgcc.a(_udivmodsi4.o)
                              c:/program files/microchip/xc8/v2.36/avr/bin/../lib/gcc/avr/5.4.0/avr5/memx-const\libgcc.a(_divmodsi4.o) (__udivmodsi4)
c:/program files/microchip/xc8/v2.36/avr/bin/../lib/gcc/avr/5.4.0/../../../../avr/lib/avr5/memx-const\libc.a(exit.o)
                              C:/Program Files (x86)/Atmel/Studio/7.0/Packs/atmel/ATmega_DFP/1.7.374/xc8/avr/lib/avr5/memx-const/crtatmega32.o (exit)
c:/program files/microchip/xc8/v2.36/avr/bin/../lib/gcc/avr/5.4.0/../../../../avr/lib/avr5/memx-const\libc.a(_Exit.o)
                              c:/program files/microchip/xc8/v2.36/avr/bin/../lib/gcc/avr/5.4.0/../../../../avr/lib/avr5/memx-const\libc.a(exit.o) (_Exit)
c:/program files/microchip/xc8/v2.36/avr/bin/../lib/gcc/avr/5.4.0/avr5/memx-const\libgcc.a(_exit.o)
                              c:/program files/microchip/xc8/v2.36/avr/bin/../lib/gcc/avr/5.4.0/../../../../avr/lib/avr5/memx-const\libc.a(_Exit.o) (_exit)

Discarded input sections

 .data          0x0000000000000000        0x0 C:/Program Files (x86)/Atmel/Studio/7.0/Packs/atmel/ATmega_DFP/1.7.374/xc8/avr/lib/avr5/memx-const/crtatmega32.o
 .bss           0x0000000000000000        0x0 C:/Program Files (x86)/Atmel/Studio/7.0/Packs/atmel/ATmega_DFP/1.7.374/xc8/avr/lib/avr5/memx-const/crtatmega32.o
 .text          0x0000000000000000        0x0 HAl/KEYPAD/Keypad_prog.o
 .data          0x0000000000000000        0x0 HAl/KEYPAD/Keypad_prog.o
 .bss           0x0000000000000000        0x0 HAl/KEYPAD/Keypad_prog.o
 .text.KEYPAD_init
                0x0000000000000000       0x72 HAl/KEYPAD/Keypad_prog.o
 .text.KEYPAD_read
                0x0000000000000000       0xd6 HAl/KEYPAD/Keypad_prog.o
 .progmemx.data.keypad_colums_arr
                0x0000000000000000        0x4 HAl/KEYPAD/Keypad_prog.o
 .progmemx.data.keypad_rows_arr
                0x0000000000000000        0x4 HAl/KEYPAD/Keypad_prog.o
 .progmemx.data.keypad_matrix
                0x0000000000000000       0x10 HAl/KEYPAD/Keypad_prog.o
 .debug_info    0x0000000000000000      0x63a HAl/KEYPAD/Keypad_prog.o
 .debug_abbrev  0x0000000000000000      0x19a HAl/KEYPAD/Keypad_prog.o
 .debug_loc     0x0000000000000000      0x1b5 HAl/KEYPAD/Keypad_prog.o
 .debug_aranges
                0x0000000000000000       0x28 HAl/KEYPAD/Keypad_prog.o
 .debug_ranges  0x0000000000000000       0x30 HAl/KEYPAD/Keypad_prog.o
 .debug_line    0x0000000000000000      0x202 HAl/KEYPAD/Keypad_prog.o
 .debug_str     0x0000000000000000       0x40 HAl/KEYPAD/Keypad_prog.o
 .comment       0x0000000000000000       0x30 HAl/KEYPAD/Keypad_prog.o
 .debug_frame   0x0000000000000000       0x70 HAl/KEYPAD/Keypad_prog.o
 .text          0x0000000000000000        0x0 HAl/LCD/LCD_prog.o
 .data          0x0000000000000000        0x0 HAl/LCD/LCD_prog.o
 .bss           0x0000000000000000        0x0 HAl/LCD/LCD_prog.o
 .text.LCD_Clear
                0x0000000000000000        0x8 HAl/LCD/LCD_prog.o
 .text.H_LCD_void_gotoXY
                0x0000000000000000       0x52 HAl/LCD/LCD_prog.o
 .text.H_LCD_void_displayCustomChar
                0x0000000000000000      0x15a HAl/LCD/LCD_prog.o
 .progmem.gcc_sw_table.H_LCD_void_displayCustomChar
                0x0000000000000000       0x10 HAl/LCD/LCD_prog.o
 .data.Character7
                0x0000000000000000        0x8 HAl/LCD/LCD_prog.o
 .data.Character6
                0x0000000000000000        0x8 HAl/LCD/LCD_prog.o
 .data.Character5
                0x0000000000000000        0x8 HAl/LCD/LCD_prog.o
 .data.Character4
                0x0000000000000000        0x8 HAl/LCD/LCD_prog.o
 .data.Character3
                0x0000000000000000        0x8 HAl/LCD/LCD_prog.o
 .data.Character2
                0x0000000000000000        0x8 HAl/LCD/LCD_prog.o
 .data.Character1
                0x0000000000000000        0x8 HAl/LCD/LCD_prog.o
 .data.Character0
                0x0000000000000000        0x8 HAl/LCD/LCD_prog.o
 .text          0x0000000000000000        0x0 HAl/Longin_sys/LonginSys.o
 .data          0x0000000000000000        0x0 HAl/Longin_sys/LonginSys.o
 .bss           0x0000000000000000        0x0 HAl/Longin_sys/LonginSys.o
 .text          0x0000000000000000        0x0 HAl/RELAY/Relay_prog.o
 .data          0x0000000000000000        0x0 HAl/RELAY/Relay_prog.o
 .bss           0x0000000000000000        0x0 HAl/RELAY/Relay_prog.o
 .debug_line    0x0000000000000000        0x0 HAl/RELAY/Relay_prog.o
 .debug_str     0x0000000000000000        0x0 HAl/RELAY/Relay_prog.o
 .comment       0x0000000000000000       0x30 HAl/RELAY/Relay_prog.o
 .text          0x0000000000000000        0x0 HAl/ULTRASONIC/UltraSonic_prog.o
 .data          0x0000000000000000        0x0 HAl/ULTRASONIC/UltraSonic_prog.o
 .bss           0x0000000000000000        0x0 HAl/ULTRASONIC/UltraSonic_prog.o
 .text          0x0000000000000000        0x0 main.o
 .data          0x0000000000000000        0x0 main.o
 .bss           0x0000000000000000        0x0 main.o
 .text          0x0000000000000000        0x0 MCAL/DIO/DIO_prog.o
 .data          0x0000000000000000        0x0 MCAL/DIO/DIO_prog.o
 .bss           0x0000000000000000        0x0 MCAL/DIO/DIO_prog.o
 .text.DIO_voidGetPinValue
                0x0000000000000000       0x6e MCAL/DIO/DIO_prog.o
 .progmem.gcc_sw_table.DIO_voidGetPinValue
                0x0000000000000000       0x10 MCAL/DIO/DIO_prog.o
 .text.DIO_voidSetPortirection
                0x0000000000000000        0x6 MCAL/DIO/DIO_prog.o
 .text.DIO_voidSetPortValue
                0x0000000000000000        0x6 MCAL/DIO/DIO_prog.o
 .text.DIO_voidGetportValue
                0x0000000000000000        0x6 MCAL/DIO/DIO_prog.o
 .text          0x0000000000000000        0x0 MCAL/GIE/GIE_prog.o
 .data          0x0000000000000000        0x0 MCAL/GIE/GIE_prog.o
 .bss           0x0000000000000000        0x0 MCAL/GIE/GIE_prog.o
 .text.DISABLE_GIE
                0x0000000000000000        0x8 MCAL/GIE/GIE_prog.o
 .text          0x0000000000000000        0x0 MCAL/TIMER/TIMER1_prog.o
 .data          0x0000000000000000        0x0 MCAL/TIMER/TIMER1_prog.o
 .bss           0x0000000000000000        0x0 MCAL/TIMER/TIMER1_prog.o
 .text.Timer1_Init
                0x0000000000000000       0x56 MCAL/TIMER/TIMER1_prog.o
 .text.ICU_deInit
                0x0000000000000000       0x14 MCAL/TIMER/TIMER1_prog.o
 .text.Timer1_DisableInt
                0x0000000000000000       0x30 MCAL/TIMER/TIMER1_prog.o
 .text.TIMER1_CAPT_vect
                0x0000000000000000       0x52 MCAL/TIMER/TIMER1_prog.o
 .text.TIMER1_ICU_void_setTrigg
                0x0000000000000000       0x1a MCAL/TIMER/TIMER1_prog.o
 .text.TIMER1_ICU_takeReading
                0x0000000000000000        0x6 MCAL/TIMER/TIMER1_prog.o
 .text          0x0000000000000000        0x0 c:/program files/microchip/xc8/v2.36/avr/bin/../lib/gcc/avr/5.4.0/avr5/memx-const\libgcc.a(_divmodsi4.o)
 .data          0x0000000000000000        0x0 c:/program files/microchip/xc8/v2.36/avr/bin/../lib/gcc/avr/5.4.0/avr5/memx-const\libgcc.a(_divmodsi4.o)
 .bss           0x0000000000000000        0x0 c:/program files/microchip/xc8/v2.36/avr/bin/../lib/gcc/avr/5.4.0/avr5/memx-const\libgcc.a(_divmodsi4.o)
 .text.libgcc.mul
                0x0000000000000000        0x0 c:/program files/microchip/xc8/v2.36/avr/bin/../lib/gcc/avr/5.4.0/avr5/memx-const\libgcc.a(_divmodsi4.o)
 .stack.descriptors
                0x0000000000000000       0x19 c:/program files/microchip/xc8/v2.36/avr/bin/../lib/gcc/avr/5.4.0/avr5/memx-const\libgcc.a(_divmodsi4.o)
 .text.libgcc   0x0000000000000000        0x0 c:/program files/microchip/xc8/v2.36/avr/bin/../lib/gcc/avr/5.4.0/avr5/memx-const\libgcc.a(_divmodsi4.o)
 .text.libgcc.prologue
                0x0000000000000000        0x0 c:/program files/microchip/xc8/v2.36/avr/bin/../lib/gcc/avr/5.4.0/avr5/memx-const\libgcc.a(_divmodsi4.o)
 .text.libgcc.builtins
                0x0000000000000000        0x0 c:/program files/microchip/xc8/v2.36/avr/bin/../lib/gcc/avr/5.4.0/avr5/memx-const\libgcc.a(_divmodsi4.o)
 .text.libgcc.fmul
                0x0000000000000000        0x0 c:/program files/microchip/xc8/v2.36/avr/bin/../lib/gcc/avr/5.4.0/avr5/memx-const\libgcc.a(_divmodsi4.o)
 .text.libgcc.fixed
                0x0000000000000000        0x0 c:/program files/microchip/xc8/v2.36/avr/bin/../lib/gcc/avr/5.4.0/avr5/memx-const\libgcc.a(_divmodsi4.o)
 .text          0x0000000000000000        0x0 c:/program files/microchip/xc8/v2.36/avr/bin/../lib/gcc/avr/5.4.0/avr5/memx-const\libgcc.a(_negsi2.o)
 .data          0x0000000000000000        0x0 c:/program files/microchip/xc8/v2.36/avr/bin/../lib/gcc/avr/5.4.0/avr5/memx-const\libgcc.a(_negsi2.o)
 .bss           0x0000000000000000        0x0 c:/program files/microchip/xc8/v2.36/avr/bin/../lib/gcc/avr/5.4.0/avr5/memx-const\libgcc.a(_negsi2.o)
 .text.libgcc.mul
                0x0000000000000000        0x0 c:/program files/microchip/xc8/v2.36/avr/bin/../lib/gcc/avr/5.4.0/avr5/memx-const\libgcc.a(_negsi2.o)
 .stack.descriptors
                0x0000000000000000       0x16 c:/program files/microchip/xc8/v2.36/avr/bin/../lib/gcc/avr/5.4.0/avr5/memx-const\libgcc.a(_negsi2.o)
 .text.libgcc   0x0000000000000000        0x0 c:/program files/microchip/xc8/v2.36/avr/bin/../lib/gcc/avr/5.4.0/avr5/memx-const\libgcc.a(_negsi2.o)
 .text.libgcc.prologue
                0x0000000000000000        0x0 c:/program files/microchip/xc8/v2.36/avr/bin/../lib/gcc/avr/5.4.0/avr5/memx-const\libgcc.a(_negsi2.o)
 .text.libgcc.builtins
                0x0000000000000000        0x0 c:/program files/microchip/xc8/v2.36/avr/bin/../lib/gcc/avr/5.4.0/avr5/memx-const\libgcc.a(_negsi2.o)
 .text.libgcc.fmul
                0x0000000000000000        0x0 c:/program files/microchip/xc8/v2.36/avr/bin/../lib/gcc/avr/5.4.0/avr5/memx-const\libgcc.a(_negsi2.o)
 .text.libgcc.fixed
                0x0000000000000000        0x0 c:/program files/microchip/xc8/v2.36/avr/bin/../lib/gcc/avr/5.4.0/avr5/memx-const\libgcc.a(_negsi2.o)
 .text          0x0000000000000000        0x0 c:/program files/microchip/xc8/v2.36/avr/bin/../lib/gcc/avr/5.4.0/avr5/memx-const\libgcc.a(_tablejump2.o)
 .data          0x0000000000000000        0x0 c:/program files/microchip/xc8/v2.36/avr/bin/../lib/gcc/avr/5.4.0/avr5/memx-const\libgcc.a(_tablejump2.o)
 .bss           0x0000000000000000        0x0 c:/program files/microchip/xc8/v2.36/avr/bin/../lib/gcc/avr/5.4.0/avr5/memx-const\libgcc.a(_tablejump2.o)
 .text.libgcc.mul
                0x0000000000000000        0x0 c:/program files/microchip/xc8/v2.36/avr/bin/../lib/gcc/avr/5.4.0/avr5/memx-const\libgcc.a(_tablejump2.o)
 .text.libgcc.div
                0x0000000000000000        0x0 c:/program files/microchip/xc8/v2.36/avr/bin/../lib/gcc/avr/5.4.0/avr5/memx-const\libgcc.a(_tablejump2.o)
 .text.libgcc.prologue
                0x0000000000000000        0x0 c:/program files/microchip/xc8/v2.36/avr/bin/../lib/gcc/avr/5.4.0/avr5/memx-const\libgcc.a(_tablejump2.o)
 .stack.descriptors
                0x0000000000000000       0x1c c:/program files/microchip/xc8/v2.36/avr/bin/../lib/gcc/avr/5.4.0/avr5/memx-const\libgcc.a(_tablejump2.o)
 .text.libgcc.builtins
                0x0000000000000000        0x0 c:/program files/microchip/xc8/v2.36/avr/bin/../lib/gcc/avr/5.4.0/avr5/memx-const\libgcc.a(_tablejump2.o)
 .text.libgcc.fmul
                0x0000000000000000        0x0 c:/program files/microchip/xc8/v2.36/avr/bin/../lib/gcc/avr/5.4.0/avr5/memx-const\libgcc.a(_tablejump2.o)
 .text.libgcc.fixed
                0x0000000000000000        0x0 c:/program files/microchip/xc8/v2.36/avr/bin/../lib/gcc/avr/5.4.0/avr5/memx-const\libgcc.a(_tablejump2.o)
 .text          0x0000000000000000        0x0 c:/program files/microchip/xc8/v2.36/avr/bin/../lib/gcc/avr/5.4.0/avr5/memx-const\libgcc.a(_copy_data.o)
 .data          0x0000000000000000        0x0 c:/program files/microchip/xc8/v2.36/avr/bin/../lib/gcc/avr/5.4.0/avr5/memx-const\libgcc.a(_copy_data.o)
 .bss           0x0000000000000000        0x0 c:/program files/microchip/xc8/v2.36/avr/bin/../lib/gcc/avr/5.4.0/avr5/memx-const\libgcc.a(_copy_data.o)
 .text.libgcc.mul
                0x0000000000000000        0x0 c:/program files/microchip/xc8/v2.36/avr/bin/../lib/gcc/avr/5.4.0/avr5/memx-const\libgcc.a(_copy_data.o)
 .text.libgcc.div
                0x0000000000000000        0x0 c:/program files/microchip/xc8/v2.36/avr/bin/../lib/gcc/avr/5.4.0/avr5/memx-const\libgcc.a(_copy_data.o)
 .text.libgcc   0x0000000000000000        0x0 c:/program files/microchip/xc8/v2.36/avr/bin/../lib/gcc/avr/5.4.0/avr5/memx-const\libgcc.a(_copy_data.o)
 .text.libgcc.prologue
                0x0000000000000000        0x0 c:/program files/microchip/xc8/v2.36/avr/bin/../lib/gcc/avr/5.4.0/avr5/memx-const\libgcc.a(_copy_data.o)
 .text.libgcc.builtins
                0x0000000000000000        0x0 c:/program files/microchip/xc8/v2.36/avr/bin/../lib/gcc/avr/5.4.0/avr5/memx-const\libgcc.a(_copy_data.o)
 .text.libgcc.fmul
                0x0000000000000000        0x0 c:/program files/microchip/xc8/v2.36/avr/bin/../lib/gcc/avr/5.4.0/avr5/memx-const\libgcc.a(_copy_data.o)
 .text.libgcc.fixed
                0x0000000000000000        0x0 c:/program files/microchip/xc8/v2.36/avr/bin/../lib/gcc/avr/5.4.0/avr5/memx-const\libgcc.a(_copy_data.o)
 .text          0x0000000000000000        0x0 c:/program files/microchip/xc8/v2.36/avr/bin/../lib/gcc/avr/5.4.0/avr5/memx-const\libgcc.a(_umulhisi3.o)
 .data          0x0000000000000000        0x0 c:/program files/microchip/xc8/v2.36/avr/bin/../lib/gcc/avr/5.4.0/avr5/memx-const\libgcc.a(_umulhisi3.o)
 .bss           0x0000000000000000        0x0 c:/program files/microchip/xc8/v2.36/avr/bin/../lib/gcc/avr/5.4.0/avr5/memx-const\libgcc.a(_umulhisi3.o)
 .stack.descriptors
                0x0000000000000000       0x19 c:/program files/microchip/xc8/v2.36/avr/bin/../lib/gcc/avr/5.4.0/avr5/memx-const\libgcc.a(_umulhisi3.o)
 .text.libgcc.div
                0x0000000000000000        0x0 c:/program files/microchip/xc8/v2.36/avr/bin/../lib/gcc/avr/5.4.0/avr5/memx-const\libgcc.a(_umulhisi3.o)
 .text.libgcc   0x0000000000000000        0x0 c:/program files/microchip/xc8/v2.36/avr/bin/../lib/gcc/avr/5.4.0/avr5/memx-const\libgcc.a(_umulhisi3.o)
 .text.libgcc.prologue
                0x0000000000000000        0x0 c:/program files/microchip/xc8/v2.36/avr/bin/../lib/gcc/avr/5.4.0/avr5/memx-const\libgcc.a(_umulhisi3.o)
 .text.libgcc.builtins
                0x0000000000000000        0x0 c:/program files/microchip/xc8/v2.36/avr/bin/../lib/gcc/avr/5.4.0/avr5/memx-const\libgcc.a(_umulhisi3.o)
 .text.libgcc.fmul
                0x0000000000000000        0x0 c:/program files/microchip/xc8/v2.36/avr/bin/../lib/gcc/avr/5.4.0/avr5/memx-const\libgcc.a(_umulhisi3.o)
 .text.libgcc.fixed
                0x0000000000000000        0x0 c:/program files/microchip/xc8/v2.36/avr/bin/../lib/gcc/avr/5.4.0/avr5/memx-const\libgcc.a(_umulhisi3.o)
 .text          0x0000000000000000        0x0 c:/program files/microchip/xc8/v2.36/avr/bin/../lib/gcc/avr/5.4.0/avr5/memx-const\libgcc.a(_udivmodsi4.o)
 .data          0x0000000000000000        0x0 c:/program files/microchip/xc8/v2.36/avr/bin/../lib/gcc/avr/5.4.0/avr5/memx-const\libgcc.a(_udivmodsi4.o)
 .bss           0x0000000000000000        0x0 c:/program files/microchip/xc8/v2.36/avr/bin/../lib/gcc/avr/5.4.0/avr5/memx-const\libgcc.a(_udivmodsi4.o)
 .text.libgcc.mul
                0x0000000000000000        0x0 c:/program files/microchip/xc8/v2.36/avr/bin/../lib/gcc/avr/5.4.0/avr5/memx-const\libgcc.a(_udivmodsi4.o)
 .stack.descriptors
                0x0000000000000000       0x1a c:/program files/microchip/xc8/v2.36/avr/bin/../lib/gcc/avr/5.4.0/avr5/memx-const\libgcc.a(_udivmodsi4.o)
 .text.libgcc   0x0000000000000000        0x0 c:/program files/microchip/xc8/v2.36/avr/bin/../lib/gcc/avr/5.4.0/avr5/memx-const\libgcc.a(_udivmodsi4.o)
 .text.libgcc.prologue
                0x0000000000000000        0x0 c:/program files/microchip/xc8/v2.36/avr/bin/../lib/gcc/avr/5.4.0/avr5/memx-const\libgcc.a(_udivmodsi4.o)
 .text.libgcc.builtins
                0x0000000000000000        0x0 c:/program files/microchip/xc8/v2.36/avr/bin/../lib/gcc/avr/5.4.0/avr5/memx-const\libgcc.a(_udivmodsi4.o)
 .text.libgcc.fmul
                0x0000000000000000        0x0 c:/program files/microchip/xc8/v2.36/avr/bin/../lib/gcc/avr/5.4.0/avr5/memx-const\libgcc.a(_udivmodsi4.o)
 .text.libgcc.fixed
                0x0000000000000000        0x0 c:/program files/microchip/xc8/v2.36/avr/bin/../lib/gcc/avr/5.4.0/avr5/memx-const\libgcc.a(_udivmodsi4.o)
 .text          0x0000000000000000        0x0 c:/program files/microchip/xc8/v2.36/avr/bin/../lib/gcc/avr/5.4.0/../../../../avr/lib/avr5/memx-const\libc.a(exit.o)
 .data          0x0000000000000000        0x0 c:/program files/microchip/xc8/v2.36/avr/bin/../lib/gcc/avr/5.4.0/../../../../avr/lib/avr5/memx-const\libc.a(exit.o)
 .bss           0x0000000000000000        0x0 c:/program files/microchip/xc8/v2.36/avr/bin/../lib/gcc/avr/5.4.0/../../../../avr/lib/avr5/memx-const\libc.a(exit.o)
 .text          0x0000000000000000        0x0 c:/program files/microchip/xc8/v2.36/avr/bin/../lib/gcc/avr/5.4.0/../../../../avr/lib/avr5/memx-const\libc.a(_Exit.o)
 .data          0x0000000000000000        0x0 c:/program files/microchip/xc8/v2.36/avr/bin/../lib/gcc/avr/5.4.0/../../../../avr/lib/avr5/memx-const\libc.a(_Exit.o)
 .bss           0x0000000000000000        0x0 c:/program files/microchip/xc8/v2.36/avr/bin/../lib/gcc/avr/5.4.0/../../../../avr/lib/avr5/memx-const\libc.a(_Exit.o)
 .text          0x0000000000000000        0x0 c:/program files/microchip/xc8/v2.36/avr/bin/../lib/gcc/avr/5.4.0/avr5/memx-const\libgcc.a(_exit.o)
 .data          0x0000000000000000        0x0 c:/program files/microchip/xc8/v2.36/avr/bin/../lib/gcc/avr/5.4.0/avr5/memx-const\libgcc.a(_exit.o)
 .bss           0x0000000000000000        0x0 c:/program files/microchip/xc8/v2.36/avr/bin/../lib/gcc/avr/5.4.0/avr5/memx-const\libgcc.a(_exit.o)
 .text.libgcc.mul
                0x0000000000000000        0x0 c:/program files/microchip/xc8/v2.36/avr/bin/../lib/gcc/avr/5.4.0/avr5/memx-const\libgcc.a(_exit.o)
 .text.libgcc.div
                0x0000000000000000        0x0 c:/program files/microchip/xc8/v2.36/avr/bin/../lib/gcc/avr/5.4.0/avr5/memx-const\libgcc.a(_exit.o)
 .text.libgcc   0x0000000000000000        0x0 c:/program files/microchip/xc8/v2.36/avr/bin/../lib/gcc/avr/5.4.0/avr5/memx-const\libgcc.a(_exit.o)
 .text.libgcc.prologue
                0x0000000000000000        0x0 c:/program files/microchip/xc8/v2.36/avr/bin/../lib/gcc/avr/5.4.0/avr5/memx-const\libgcc.a(_exit.o)
 .stack.descriptors
                0x0000000000000000       0x13 c:/program files/microchip/xc8/v2.36/avr/bin/../lib/gcc/avr/5.4.0/avr5/memx-const\libgcc.a(_exit.o)
 .text.libgcc.builtins
                0x0000000000000000        0x0 c:/program files/microchip/xc8/v2.36/avr/bin/../lib/gcc/avr/5.4.0/avr5/memx-const\libgcc.a(_exit.o)
 .text.libgcc.fmul
                0x0000000000000000        0x0 c:/program files/microchip/xc8/v2.36/avr/bin/../lib/gcc/avr/5.4.0/avr5/memx-const\libgcc.a(_exit.o)
 .text.libgcc.fixed
                0x0000000000000000        0x0 c:/program files/microchip/xc8/v2.36/avr/bin/../lib/gcc/avr/5.4.0/avr5/memx-const\libgcc.a(_exit.o)

Memory Configuration

Name             Origin             Length             Attributes
text             0x0000000000000000 0x0000000000008000 xr
data             0x0000000000800060 0x0000000000000800 rw !x
eeprom           0x0000000000810000 0x0000000000000400 rw !x
fuse             0x0000000000820000 0x0000000000000002 rw !x
lock             0x0000000000830000 0x0000000000000400 rw !x
signature        0x0000000000840000 0x0000000000000400 rw !x
user_signatures  0x0000000000850000 0x0000000000000400 rw !x
*default*        0x0000000000000000 0xffffffffffffffff

Linker script and memory map

LOAD C:/Program Files (x86)/Atmel/Studio/7.0/Packs/atmel/ATmega_DFP/1.7.374/xc8/avr/lib/avr5/memx-const/crtatmega32.o
LOAD HAl/KEYPAD/Keypad_prog.o
LOAD HAl/LCD/LCD_prog.o
LOAD HAl/Longin_sys/LonginSys.o
LOAD HAl/RELAY/Relay_prog.o
LOAD HAl/ULTRASONIC/UltraSonic_prog.o
LOAD main.o
LOAD MCAL/DIO/DIO_prog.o
LOAD MCAL/GIE/GIE_prog.o
LOAD MCAL/TIMER/TIMER1_prog.o
START GROUP
LOAD c:/program files/microchip/xc8/v2.36/avr/bin/../lib/gcc/avr/5.4.0/../../../../avr/lib/avr5/memx-const\libm.a
END GROUP
START GROUP
LOAD c:/program files/microchip/xc8/v2.36/avr/bin/../lib/gcc/avr/5.4.0/avr5/memx-const\libgcc.a
LOAD c:/program files/microchip/xc8/v2.36/avr/bin/../lib/gcc/avr/5.4.0/../../../../avr/lib/avr5/memx-const\libm.a
LOAD c:/program files/microchip/xc8/v2.36/avr/bin/../lib/gcc/avr/5.4.0/../../../../avr/lib/avr5/memx-const\libc.a
LOAD C:/Program Files (x86)/Atmel/Studio/7.0/Packs/atmel/ATmega_DFP/1.7.374/xc8/avr/lib/avr5/memx-const\libatmega32.a
END GROUP
                0x0000000000000000                __TEXT_REGION_ORIGIN__ = DEFINED (__TEXT_REGION_ORIGIN__)?__TEXT_REGION_ORIGIN__:0x0
                [0x0000000000800060]                __DATA_REGION_ORIGIN__ = DEFINED (__DATA_REGION_ORIGIN__)?__DATA_REGION_ORIGIN__:0x800060
                [0x0000000000008000]                __TEXT_REGION_LENGTH__ = DEFINED (__TEXT_REGION_LENGTH__)?__TEXT_REGION_LENGTH__:0x20000
                [0x0000000000000800]                __DATA_REGION_LENGTH__ = DEFINED (__DATA_REGION_LENGTH__)?__DATA_REGION_LENGTH__:0xffa0
                [0x0000000000000400]                __EEPROM_REGION_LENGTH__ = DEFINED (__EEPROM_REGION_LENGTH__)?__EEPROM_REGION_LENGTH__:0x10000
                [0x0000000000000002]                __FUSE_REGION_LENGTH__ = DEFINED (__FUSE_REGION_LENGTH__)?__FUSE_REGION_LENGTH__:0x400
                0x0000000000000400                __LOCK_REGION_LENGTH__ = DEFINED (__LOCK_REGION_LENGTH__)?__LOCK_REGION_LENGTH__:0x400
                0x0000000000000400                __SIGNATURE_REGION_LENGTH__ = DEFINED (__SIGNATURE_REGION_LENGTH__)?__SIGNATURE_REGION_LENGTH__:0x400
                0x0000000000000400                __USER_SIGNATURE_REGION_LENGTH__ = DEFINED (__USER_SIGNATURE_REGION_LENGTH__)?__USER_SIGNATURE_REGION_LENGTH__:0x400

.hash
 *(.hash)

.dynsym
 *(.dynsym)

.dynstr
 *(.dynstr)

.gnu.version
 *(.gnu.version)

.gnu.version_d
 *(.gnu.version_d)

.gnu.version_r
 *(.gnu.version_r)

.rel.init
 *(.rel.init)

.rela.init
 *(.rela.init)

.rel.text
 *(.rel.text)
 *(.rel.text.*)
 *(.rel.gnu.linkonce.t*)

.rela.text
 *(.rela.text)
 *(.rela.text.*)
 *(.rela.gnu.linkonce.t*)

.rel.fini
 *(.rel.fini)

.rela.fini
 *(.rela.fini)

.rel.rodata
 *(.rel.rodata)
 *(.rel.rodata.*)
 *(.rel.gnu.linkonce.r*)

.rela.rodata
 *(.rela.rodata)
 *(.rela.rodata.*)
 *(.rela.gnu.linkonce.r*)

.rel.data
 *(.rel.data)
 *(.rel.data.*)
 *(.rel.gnu.linkonce.d*)

.rela.data
 *(.rela.data)
 *(.rela.data.*)
 *(.rela.gnu.linkonce.d*)

.rel.ctors
 *(.rel.ctors)

.rela.ctors
 *(.rela.ctors)

.rel.dtors
 *(.rel.dtors)

.rela.dtors
 *(.rela.dtors)

.rel.got
 *(.rel.got)

.rela.got
 *(.rela.got)

.rel.bss
 *(.rel.bss)

.rela.bss
 *(.rela.bss)

.rel.plt
 *(.rel.plt)

.rela.plt
 *(.rela.plt)

.text           0x0000000000000000       0xce
 *(.vectors)
 .vectors       0x0000000000000000       0x54 C:/Program Files (x86)/Atmel/Studio/7.0/Packs/atmel/ATmega_DFP/1.7.374/xc8/avr/lib/avr5/memx-const/crtatmega32.o
                0x0000000000000000                __vector_default
                0x0000000000000000                __vectors
 *(.vectors)
 *(.progmem.gcc*)
 .progmem.gcc_sw_table.DIO_voidSetPinDirection
                0x0000000000000054       0x10 MCAL/DIO/DIO_prog.o
 .progmem.gcc_sw_table.DIO_voidSetPinValue
                0x0000000000000064       0x10 MCAL/DIO/DIO_prog.o
 *(.dinit)
 .dinit         0x0000000000000074        0x5 data_init
                0x000000000000007a                . = ALIGN (0x2)
 *fill*         0x0000000000000079        0x1 
                0x000000000000007a                __trampolines_start = .
 *(.trampolines)
 .trampolines   0x000000000000007a        0x0 linker stubs
 *(.trampolines*)
                0x000000000000007a                __trampolines_end = .
 *libprintf_flt.a:*(.progmem.data)
 *libc.a:*(.progmem.data)
                0x000000000000007a                . = ALIGN (0x2)
 *(.jumptables)
 *(.jumptables*)
 *(.lowtext)
 *(.lowtext*)
                0x000000000000007a                __ctors_start = .
 *(.ctors)
                0x000000000000007a                __ctors_end = .
                0x000000000000007a                __dtors_start = .
 *(.dtors)
                0x000000000000007a                __dtors_end = .
 SORT(*)(.ctors)
 SORT(*)(.dtors)
 *(.init0)
 .init0         0x000000000000007a        0x0 C:/Program Files (x86)/Atmel/Studio/7.0/Packs/atmel/ATmega_DFP/1.7.374/xc8/avr/lib/avr5/memx-const/crtatmega32.o
                0x000000000000007a                __init
 *(.init0)
 *(.init1)
 *(.init1)
 *(.init2)
 .init2         0x000000000000007a        0xc C:/Program Files (x86)/Atmel/Studio/7.0/Packs/atmel/ATmega_DFP/1.7.374/xc8/avr/lib/avr5/memx-const/crtatmega32.o
 *(.init2)
 *(.init3)
 *(.init3)
 *(.init4)
 .init4         0x0000000000000086       0x3c c:/program files/microchip/xc8/v2.36/avr/bin/../lib/gcc/avr/5.4.0/avr5/memx-const\libgcc.a(_copy_data.o)
                0x0000000000000086                __do_copy_data
                0x00000000000000b4                __do_clear_bss
 *(.init4)
 *(.init5)
 *(.init5)
 *(.init6)
 *(.init6)
 *(.init7)
 *(.init7)
 *(.init8)
 *(.init8)
 *(.init9)
 .init9         0x00000000000000c2        0x8 C:/Program Files (x86)/Atmel/Studio/7.0/Packs/atmel/ATmega_DFP/1.7.374/xc8/avr/lib/avr5/memx-const/crtatmega32.o
 *(.init9)
                0x00000000000000ca                . = ALIGN (0x2)
 *(.fini9)
 .fini9         0x00000000000000ca        0x0 c:/program files/microchip/xc8/v2.36/avr/bin/../lib/gcc/avr/5.4.0/avr5/memx-const\libgcc.a(_exit.o)
                0x00000000000000ca                _exit
 *(.fini9)
 *(.fini8)
 *(.fini8)
 *(.fini7)
 *(.fini7)
 *(.fini6)
 *(.fini6)
 *(.fini5)
 *(.fini5)
 *(.fini4)
 *(.fini4)
 *(.fini3)
 *(.fini3)
 *(.fini2)
 *(.fini2)
 *(.fini1)
 *(.fini1)
 *(.fini0)
 .fini0         0x00000000000000ca        0x4 c:/program files/microchip/xc8/v2.36/avr/bin/../lib/gcc/avr/5.4.0/avr5/memx-const\libgcc.a(_exit.o)
 *(.fini0)
                0x00000000000000ce                _etext = .

.data           0x0000000000800060        0x0 load address 0x00000000000000ce
                [!provide]                        PROVIDE (__data_start, .)
 *(.gnu.linkonce.d*)
 *(.gnu.linkonce.r*)
                0x0000000000800060                . = ALIGN (0x2)
                0x0000000000800060                _edata = .
                [!provide]                        PROVIDE (__data_end, .)

.bss            0x0000000000800060        0x0
                [!provide]                        PROVIDE (__bss_start, .)
 *(COMMON)
                [!provide]                        PROVIDE (__bss_end, .)
                0x00000000000000ce                __data_load_start = LOADADDR (.data)
                0x00000000000000ce                __data_load_end = (__data_load_start + SIZEOF (.data))

.noinit         0x0000000000800060        0x0
                [!provide]                        PROVIDE (__noinit_start, .)
 *(.noinit*)
                [!provide]                        PROVIDE (__noinit_end, .)
                0x0000000000800060                _end = .

.eeprom         0x0000000000810000        0x0
 *(.eeprom*)
                0x0000000000810000                __eeprom_end = .

.fuse
 *(.fuse)
 *(.lfuse)
 *(.hfuse)
 *(.efuse)

.lock
 *(.lock*)

.signature
 *(.signature*)

.user_signatures
 *(.user_signatures*)

.stab
 *(.stab)

.stabstr
 *(.stabstr)

.stab.excl
 *(.stab.excl)

.stab.exclstr
 *(.stab.exclstr)

.stab.index
 *(.stab.index)

.stab.indexstr
 *(.stab.indexstr)

.comment        0x0000000000000000       0x2f
 *(.comment)
 .comment       0x0000000000000000       0x2f HAl/LCD/LCD_prog.o
                                         0x30 (size before relaxing)
 .comment       0x000000000000002f       0x30 HAl/Longin_sys/LonginSys.o
 .comment       0x000000000000002f       0x30 HAl/ULTRASONIC/UltraSonic_prog.o
 .comment       0x000000000000002f       0x30 main.o
 .comment       0x000000000000002f       0x30 MCAL/DIO/DIO_prog.o
 .comment       0x000000000000002f       0x30 MCAL/GIE/GIE_prog.o
 .comment       0x000000000000002f       0x30 MCAL/TIMER/TIMER1_prog.o
 .comment       0x000000000000002f       0x30 c:/program files/microchip/xc8/v2.36/avr/bin/../lib/gcc/avr/5.4.0/../../../../avr/lib/avr5/memx-const\libc.a(exit.o)
 .comment       0x000000000000002f       0x30 c:/program files/microchip/xc8/v2.36/avr/bin/../lib/gcc/avr/5.4.0/../../../../avr/lib/avr5/memx-const\libc.a(_Exit.o)

.stack.descriptors.hdr
                0x0000000000000000       0x54
 .stack.descriptors.hdr
                0x0000000000000000        0xe c:/program files/microchip/xc8/v2.36/avr/bin/../lib/gcc/avr/5.4.0/avr5/memx-const\libgcc.a(_divmodsi4.o)
 .stack.descriptors.hdr
                0x000000000000000e        0xe c:/program files/microchip/xc8/v2.36/avr/bin/../lib/gcc/avr/5.4.0/avr5/memx-const\libgcc.a(_negsi2.o)
 .stack.descriptors.hdr
                0x000000000000001c        0xe c:/program files/microchip/xc8/v2.36/avr/bin/../lib/gcc/avr/5.4.0/avr5/memx-const\libgcc.a(_tablejump2.o)
 .stack.descriptors.hdr
                0x000000000000002a        0xe c:/program files/microchip/xc8/v2.36/avr/bin/../lib/gcc/avr/5.4.0/avr5/memx-const\libgcc.a(_umulhisi3.o)
 .stack.descriptors.hdr
                0x0000000000000038        0xe c:/program files/microchip/xc8/v2.36/avr/bin/../lib/gcc/avr/5.4.0/avr5/memx-const\libgcc.a(_udivmodsi4.o)
 .stack.descriptors.hdr
                0x0000000000000046        0xe c:/program files/microchip/xc8/v2.36/avr/bin/../lib/gcc/avr/5.4.0/avr5/memx-const\libgcc.a(_exit.o)

.note.GNU-stack
                0x0000000000000000        0x0
 .note.GNU-stack
                0x0000000000000000        0x0 c:/program files/microchip/xc8/v2.36/avr/bin/../lib/gcc/avr/5.4.0/../../../../avr/lib/avr5/memx-const\libc.a(exit.o)
 .note.GNU-stack
                0x0000000000000000        0x0 c:/program files/microchip/xc8/v2.36/avr/bin/../lib/gcc/avr/5.4.0/../../../../avr/lib/avr5/memx-const\libc.a(_Exit.o)

.note.gnu.build-id
 *(.note.gnu.build-id)

.debug
 *(.debug)

.line
 *(.line)

.debug_srcinfo
 *(.debug_srcinfo)

.debug_sfnames
 *(.debug_sfnames)

.debug_aranges  0x0000000000000000      0x1d8
 *(.debug_aranges)
 .debug_aranges
                0x0000000000000000       0x60 HAl/LCD/LCD_prog.o
 .debug_aranges
                0x0000000000000060       0x20 HAl/Longin_sys/LonginSys.o
 .debug_aranges
                0x0000000000000080       0x38 HAl/ULTRASONIC/UltraSonic_prog.o
 .debug_aranges
                0x00000000000000b8       0x20 main.o
 .debug_aranges
                0x00000000000000d8       0x48 MCAL/DIO/DIO_prog.o
 .debug_aranges
                0x0000000000000120       0x28 MCAL/GIE/GIE_prog.o
 .debug_aranges
                0x0000000000000148       0x90 MCAL/TIMER/TIMER1_prog.o

.debug_pubnames
 *(.debug_pubnames)

.debug_info     0x0000000000000000     0x345f
 *(.debug_info .gnu.linkonce.wi.*)
 .debug_info    0x0000000000000000      0x4e6 C:/Program Files (x86)/Atmel/Studio/7.0/Packs/atmel/ATmega_DFP/1.7.374/xc8/avr/lib/avr5/memx-const/crtatmega32.o
 .debug_info    0x00000000000004e6      0xcd1 HAl/LCD/LCD_prog.o
 .debug_info    0x00000000000011b7      0x427 HAl/Longin_sys/LonginSys.o
 .debug_info    0x00000000000015de      0x923 HAl/ULTRASONIC/UltraSonic_prog.o
 .debug_info    0x0000000000001f01      0x349 main.o
 .debug_info    0x000000000000224a      0x562 MCAL/DIO/DIO_prog.o
 .debug_info    0x00000000000027ac      0x2a6 MCAL/GIE/GIE_prog.o
 .debug_info    0x0000000000002a52      0xa0d MCAL/TIMER/TIMER1_prog.o

.debug_abbrev   0x0000000000000000      0xcbf
 *(.debug_abbrev)
 .debug_abbrev  0x0000000000000000      0x4a3 C:/Program Files (x86)/Atmel/Studio/7.0/Packs/atmel/ATmega_DFP/1.7.374/xc8/avr/lib/avr5/memx-const/crtatmega32.o
 .debug_abbrev  0x00000000000004a3      0x1f5 HAl/LCD/LCD_prog.o
 .debug_abbrev  0x0000000000000698       0xd0 HAl/Longin_sys/LonginSys.o
 .debug_abbrev  0x0000000000000768      0x1d9 HAl/ULTRASONIC/UltraSonic_prog.o
 .debug_abbrev  0x0000000000000941       0xb3 main.o
 .debug_abbrev  0x00000000000009f4      0x12f MCAL/DIO/DIO_prog.o
 .debug_abbrev  0x0000000000000b23       0x44 MCAL/GIE/GIE_prog.o
 .debug_abbrev  0x0000000000000b67      0x158 MCAL/TIMER/TIMER1_prog.o

.debug_line     0x0000000000000000     0x1074
 *(.debug_line .debug_line.* .debug_line_end)
 .debug_line    0x0000000000000000      0x119 C:/Program Files (x86)/Atmel/Studio/7.0/Packs/atmel/ATmega_DFP/1.7.374/xc8/avr/lib/avr5/memx-const/crtatmega32.o
 .debug_line    0x0000000000000119      0x539 HAl/LCD/LCD_prog.o
 .debug_line    0x0000000000000652      0x178 HAl/Longin_sys/LonginSys.o
 .debug_line    0x00000000000007ca      0x238 HAl/ULTRASONIC/UltraSonic_prog.o
 .debug_line    0x0000000000000a02       0xfd main.o
 .debug_line    0x0000000000000aff      0x212 MCAL/DIO/DIO_prog.o
 .debug_line    0x0000000000000d11       0x7f MCAL/GIE/GIE_prog.o
 .debug_line    0x0000000000000d90      0x2e4 MCAL/TIMER/TIMER1_prog.o

.debug_frame    0x0000000000000000      0x4c0
 *(.debug_frame)
 .debug_frame   0x0000000000000000      0x130 HAl/LCD/LCD_prog.o
 .debug_frame   0x0000000000000130       0x24 HAl/Longin_sys/LonginSys.o
 .debug_frame   0x0000000000000154       0x64 HAl/ULTRASONIC/UltraSonic_prog.o
 .debug_frame   0x00000000000001b8       0x24 main.o
 .debug_frame   0x00000000000001dc       0x8c MCAL/DIO/DIO_prog.o
 .debug_frame   0x0000000000000268       0x34 MCAL/GIE/GIE_prog.o
 .debug_frame   0x000000000000029c      0x224 MCAL/TIMER/TIMER1_prog.o

.debug_str      0x0000000000000000      0x33f
 *(.debug_str)
 .debug_str     0x0000000000000000      0x196 C:/Program Files (x86)/Atmel/Studio/7.0/Packs/atmel/ATmega_DFP/1.7.374/xc8/avr/lib/avr5/memx-const/crtatmega32.o
 .debug_str     0x0000000000000196       0x2c HAl/LCD/LCD_prog.o
 .debug_str     0x00000000000001c2       0x43 HAl/Longin_sys/LonginSys.o
 .debug_str     0x0000000000000205       0xa4 HAl/ULTRASONIC/UltraSonic_prog.o
 .debug_str     0x00000000000002a9       0x63 main.o
 .debug_str     0x000000000000030c       0x2b MCAL/DIO/DIO_prog.o
 .debug_str     0x0000000000000337        0x0 MCAL/GIE/GIE_prog.o
 .debug_str     0x0000000000000337        0x8 MCAL/TIMER/TIMER1_prog.o

.debug_loc      0x0000000000000000      0xeb1
 *(.debug_loc)
 .debug_loc     0x0000000000000000      0x869 HAl/LCD/LCD_prog.o
 .debug_loc     0x0000000000000869       0x74 HAl/ULTRASONIC/UltraSonic_prog.o
 .debug_loc     0x00000000000008dd      0x10c MCAL/DIO/DIO_prog.o
 .debug_loc     0x00000000000009e9      0x4c8 MCAL/TIMER/TIMER1_prog.o

.debug_macinfo
 *(.debug_macinfo)

.debug_weaknames
 *(.debug_weaknames)

.debug_funcnames
 *(.debug_funcnames)

.debug_typenames
 *(.debug_typenames)

.debug_varnames
 *(.debug_varnames)

.debug_pubtypes
 *(.debug_pubtypes)

.debug_ranges   0x0000000000000000      0x198
 *(.debug_ranges)
 .debug_ranges  0x0000000000000000       0x80 HAl/LCD/LCD_prog.o
 .debug_ranges  0x0000000000000080       0x10 HAl/Longin_sys/LonginSys.o
 .debug_ranges  0x0000000000000090       0x28 HAl/ULTRASONIC/UltraSonic_prog.o
 .debug_ranges  0x00000000000000b8       0x10 main.o
 .debug_ranges  0x00000000000000c8       0x38 MCAL/DIO/DIO_prog.o
 .debug_ranges  0x0000000000000100       0x18 MCAL/GIE/GIE_prog.o
 .debug_ranges  0x0000000000000118       0x80 MCAL/TIMER/TIMER1_prog.o

.debug_macro
 *(.debug_macro)
OUTPUT(LoginSys_app.elf elf32-avr)
LOAD linker stubs
LOAD data_init

.note.gnu.avr.deviceinfo
                0x0000000000000000       0x3c
 .note.gnu.avr.deviceinfo
                0x0000000000000000       0x3c C:/Program Files (x86)/Atmel/Studio/7.0/Packs/atmel/ATmega_DFP/1.7.374/xc8/avr/lib/avr5/memx-const/crtatmega32.o

.bss.g_edgesCount
                0x000000000080006a        0x1
 .bss.g_edgesCount
                0x000000000080006a        0x1 HAl/ULTRASONIC/UltraSonic_prog.o

.bss.g_pulseTime
                0x0000000000800068        0x2
 .bss.g_pulseTime
                0x0000000000800068        0x2 HAl/ULTRASONIC/UltraSonic_prog.o

.bss.Timer1_ptr_to_callback_fns
                0x0000000000800060        0x8
 .bss.Timer1_ptr_to_callback_fns
                0x0000000000800060        0x8 MCAL/TIMER/TIMER1_prog.o
                0x0000000000800060                Timer1_ptr_to_callback_fns

.progmemx.data  0x00000000000000ce        0xe
 .progmemx.data
                0x00000000000000ce        0xe main.o

.progmemx.data.data_pins
                0x00000000000000dc        0x4
 .progmemx.data.data_pins
                0x00000000000000dc        0x4 HAl/LCD/LCD_prog.o
                0x00000000000000dc                data_pins

.text.H_LCD_void_sendIntNum
                0x00000000000000e0       0xe4
 .text.H_LCD_void_sendIntNum
                0x00000000000000e0       0xe4 HAl/LCD/LCD_prog.o
                0x00000000000000e0                H_LCD_void_sendIntNum

.text.H_LCD_void_Init
                0x00000000000001c4       0xce
 .text.H_LCD_void_Init
                0x00000000000001c4       0xce HAl/LCD/LCD_prog.o
                0x00000000000001c4                H_LCD_void_Init

.text.H_LCD_void_latchByte
                0x0000000000000292       0xaa
 .text.H_LCD_void_latchByte
                0x0000000000000292       0xaa HAl/LCD/LCD_prog.o

.text.DIO_voidSetPinDirection
                0x000000000000033c       0x7c
 .text.DIO_voidSetPinDirection
                0x000000000000033c       0x7c MCAL/DIO/DIO_prog.o
                0x000000000000033c                DIO_voidSetPinDirection

.text.DIO_voidSetPinValue
                0x00000000000003b8       0x7c
 .text.DIO_voidSetPinValue
                0x00000000000003b8       0x7c MCAL/DIO/DIO_prog.o
                0x00000000000003b8                DIO_voidSetPinValue

.text.__vector_9
                0x0000000000000434       0x52
 .text.__vector_9
                0x0000000000000434       0x52 MCAL/TIMER/TIMER1_prog.o
                0x0000000000000434                __vector_9

.text.__vector_8
                0x0000000000000486       0x52
 .text.__vector_8
                0x0000000000000486       0x52 MCAL/TIMER/TIMER1_prog.o
                0x0000000000000486                __vector_8

.text.__vector_7
                0x00000000000004d8       0x52
 .text.__vector_7
                0x00000000000004d8       0x52 MCAL/TIMER/TIMER1_prog.o
                0x00000000000004d8                __vector_7

.text.Ultrasonic_init
                0x000000000000052a       0x44
 .text.Ultrasonic_init
                0x000000000000052a       0x44 HAl/ULTRASONIC/UltraSonic_prog.o
                0x000000000000052a                Ultrasonic_init

.text.libgcc.div
                0x000000000000056e       0x44
 .text.libgcc.div
                0x000000000000056e       0x44 c:/program files/microchip/xc8/v2.36/avr/bin/../lib/gcc/avr/5.4.0/avr5/memx-const\libgcc.a(_udivmodsi4.o)
                0x000000000000056e                __udivmodsi4

.text.H_LCD_void_sendString
                0x00000000000005b2       0x40
 .text.H_LCD_void_sendString
                0x00000000000005b2       0x40 HAl/LCD/LCD_prog.o
                0x00000000000005b2                H_LCD_void_sendString

.text.Ultrasonic_edgeProcessing
                0x00000000000005f2       0x3e
 .text.Ultrasonic_edgeProcessing
                0x00000000000005f2       0x3e HAl/ULTRASONIC/UltraSonic_prog.o
                0x00000000000005f2                Ultrasonic_edgeProcessing

.text.Timer1_EXTI_setCallBack
                0x0000000000000630       0x38
 .text.Timer1_EXTI_setCallBack
                0x0000000000000630       0x38 MCAL/TIMER/TIMER1_prog.o
                0x0000000000000630                Timer1_EXTI_setCallBack

.text.Ultrasonic_readDistance
                0x0000000000000668       0x30
 .text.Ultrasonic_readDistance
                0x0000000000000668       0x30 HAl/ULTRASONIC/UltraSonic_prog.o
                0x0000000000000668                Ultrasonic_readDistance

.text.Timer1_EnableInt
                0x0000000000000698       0x30
 .text.Timer1_EnableInt
                0x0000000000000698       0x30 MCAL/TIMER/TIMER1_prog.o
                0x0000000000000698                Timer1_EnableInt

.text.ICU_init  0x00000000000006c8       0x2e
 .text.ICU_init
                0x00000000000006c8       0x2e MCAL/TIMER/TIMER1_prog.o
                0x00000000000006c8                ICU_init

.text.libgcc.div
                0x00000000000006f6       0x2e
 .text.libgcc.div
                0x00000000000006f6       0x2e c:/program files/microchip/xc8/v2.36/avr/bin/../lib/gcc/avr/5.4.0/avr5/memx-const\libgcc.a(_divmodsi4.o)
                0x00000000000006f6                __divmodsi4

.text.H_LCD_void_sendData
                0x0000000000000724       0x26
 .text.H_LCD_void_sendData
                0x0000000000000724       0x26 HAl/LCD/LCD_prog.o
                0x0000000000000724                H_LCD_void_sendData

.text.H_LCD_void_sendCommand
                0x000000000000074a       0x26
 .text.H_LCD_void_sendCommand
                0x000000000000074a       0x26 HAl/LCD/LCD_prog.o
                0x000000000000074a                H_LCD_void_sendCommand

.text.main      0x0000000000000770       0x24
 .text.main     0x0000000000000770       0x24 main.o
                0x0000000000000770                main

.text.Ultrasonic_Trigger
                0x0000000000000794       0x22
 .text.Ultrasonic_Trigger
                0x0000000000000794       0x22 HAl/ULTRASONIC/UltraSonic_prog.o
                0x0000000000000794                Ultrasonic_Trigger

.text.libgcc.mul
                0x00000000000007b6       0x1e
 .text.libgcc.mul
                0x00000000000007b6       0x1e c:/program files/microchip/xc8/v2.36/avr/bin/../lib/gcc/avr/5.4.0/avr5/memx-const\libgcc.a(_umulhisi3.o)
                0x00000000000007b6                __umulhisi3

.text.SysInit   0x00000000000007d4       0x1a
 .text.SysInit  0x00000000000007d4       0x1a HAl/Longin_sys/LonginSys.o
                0x00000000000007d4                SysInit

.text.exit      0x00000000000007ee       0x16
 .text.exit     0x00000000000007ee       0x16 c:/program files/microchip/xc8/v2.36/avr/bin/../lib/gcc/avr/5.4.0/../../../../avr/lib/avr5/memx-const\libc.a(exit.o)
                0x00000000000007ee                exit

.text.ICU_setEdgeDetectionType
                0x0000000000000804       0x14
 .text.ICU_setEdgeDetectionType
                0x0000000000000804       0x14 MCAL/TIMER/TIMER1_prog.o
                0x0000000000000804                ICU_setEdgeDetectionType

.text.libgcc.div
                0x0000000000000818       0x10
 .text.libgcc.div
                0x0000000000000818       0x10 c:/program files/microchip/xc8/v2.36/avr/bin/../lib/gcc/avr/5.4.0/avr5/memx-const\libgcc.a(_negsi2.o)
                0x0000000000000818                __negsi2

.text.libgcc    0x0000000000000828        0xc
 .text.libgcc   0x0000000000000828        0xc c:/program files/microchip/xc8/v2.36/avr/bin/../lib/gcc/avr/5.4.0/avr5/memx-const\libgcc.a(_tablejump2.o)
                0x0000000000000828                __tablejump2__

.text.enable_GIE
                0x0000000000000834        0x8
 .text.enable_GIE
                0x0000000000000834        0x8 MCAL/GIE/GIE_prog.o
                0x0000000000000834                enable_GIE

.text.ICU_clearTimerValue
                0x000000000000083c        0x6
 .text.ICU_clearTimerValue
                0x000000000000083c        0x6 MCAL/TIMER/TIMER1_prog.o
                0x000000000000083c                ICU_clearTimerValue

.text.ICU_getInputCaptureValue
                0x0000000000000842        0x6
 .text.ICU_getInputCaptureValue
                0x0000000000000842        0x6 MCAL/TIMER/TIMER1_prog.o
                0x0000000000000842                ICU_getInputCaptureValue

.text           0x0000000000000848        0x4
 .text          0x0000000000000848        0x4 C:/Program Files (x86)/Atmel/Studio/7.0/Packs/atmel/ATmega_DFP/1.7.374/xc8/avr/lib/avr5/memx-const/crtatmega32.o
                0x0000000000000848                __vector_1
                0x0000000000000848                __vector_12
                0x0000000000000848                __bad_interrupt
                0x0000000000000848                __vector_6
                0x0000000000000848                __vector_3
                0x0000000000000848                __vector_11
                0x0000000000000848                __vector_13
                0x0000000000000848                __vector_17
                0x0000000000000848                __vector_19
                0x0000000000000848                __vector_5
                0x0000000000000848                __vector_4
                0x0000000000000848                __vector_2
                0x0000000000000848                __vector_15
                0x0000000000000848                __vector_14
                0x0000000000000848                __vector_10
                0x0000000000000848                __vector_16
                0x0000000000000848                __vector_18
                0x0000000000000848                __vector_20

.text._Exit     0x000000000000084c        0x4
 .text._Exit    0x000000000000084c        0x4 c:/program files/microchip/xc8/v2.36/avr/bin/../lib/gcc/avr/5.4.0/../../../../avr/lib/avr5/memx-const\libc.a(_Exit.o)
                0x000000000000084c                _Exit

.text.__dummy_fini
                0x0000000000000850        0x2
 .text.__dummy_fini
                0x0000000000000850        0x2 c:/program files/microchip/xc8/v2.36/avr/bin/../lib/gcc/avr/5.4.0/../../../../avr/lib/avr5/memx-const\libc.a(exit.o)
                0x0000000000000850                _fini

.text.__dummy_funcs_on_exit
                0x0000000000000852        0x2
 .text.__dummy_funcs_on_exit
                0x0000000000000852        0x2 c:/program files/microchip/xc8/v2.36/avr/bin/../lib/gcc/avr/5.4.0/../../../../avr/lib/avr5/memx-const\libc.a(exit.o)
                0x0000000000000852                __funcs_on_exit

.text.__dummy_simulator_exit
                0x0000000000000854        0x2
 .text.__dummy_simulator_exit
                0x0000000000000854        0x2 c:/program files/microchip/xc8/v2.36/avr/bin/../lib/gcc/avr/5.4.0/../../../../avr/lib/avr5/memx-const\libc.a(exit.o)
                0x0000000000000854                __simulator_exit
